// Jest Snapshot v1, https://goo.gl/fbAQLP

exports[`Search Panel component renders correctly 1`] = `
<DocumentFragment>
  <div
    class="search-panel"
  >
    <div
      class="header"
    >
      <div
        class="logo"
      >
        <img
          alt="logo"
          src="test-file-stub"
        />
      </div>
      <button
        class="add-movie-btn"
        type="button"
      >
        + Add movie
      </button>
    </div>
    <div
      class="search-panel__title"
    >
      <h2
        class="search-title"
      >
        Find your movie
      </h2>
    </div>
    <div
      class="search-panel__search-form"
    >
      <form>
        <div
          class="search-form"
        >
          <input
            class="search-input"
            placeholder="What do you want to watch?"
            type="text"
          />
          <button
            class=" filled-btn"
            type="button"
          >
            Search
          </button>
        </div>
      </form>
    </div>
  </div>
</DocumentFragment>
`;
